TypeError: Cannot read properties of undefined (reading 'username')
    at runTests (D:\Social_Publishing_Moderation_VibeCoding\backend\test.js:39:48)
    at process.processTicksAndRejections (node:internal/process/task_queues:105:5)